******************************************************************************
                  TI ARM Linker Unix v20.2.7                   
******************************************************************************
>> Linked Thu Jul 16 14:35:58 2026

OUTPUT FILE NAME:   <Library_in_C.out>
ENTRY POINT SYMBOL: "_c_int00_noinit_noargs"  address: 000005b9


MEMORY CONFIGURATION

         name            origin    length      used     unused   attr    fill
----------------------  --------  ---------  --------  --------  ----  --------
  FLASH                 00000000   00040000  000005f8  0003fa08  R  X
  SRAM                  20000000   00008000  00000200  00007e00  RW X


SEGMENT ALLOCATION MAP

run origin  load origin   length   init length attrs members
----------  ----------- ---------- ----------- ----- -------
00000000    00000000    000005f8   000005f8    r-x
  00000000    00000000    0000026c   0000026c    r-- .intvecs
  0000026c    0000026c    0000038c   0000038c    r-x .text
20000000    20000000    00000200   00000000    rw-
  20000000    20000000    00000200   00000000    rw- .stack


SECTION ALLOCATION MAP

 output                                  attributes/
section   page    origin      length       input sections
--------  ----  ----------  ----------   ----------------
.intvecs   0    00000000    0000026c     
                  00000000    0000026c     tm4c123gh6pm_startup_ccs.obj (.intvecs)

.text      0    0000026c    0000038c     
                  0000026c    00000184     CAN.obj (.text)
                  000003f0    0000013c     lib_c.obj (.text)
                  0000052c    0000008c     main.obj (.text)
                  000005b8    0000002c     rtsv7M4_T_le_v4SPD16_eabi.lib : boot_cortex_m.c.obj (.text:_c_int00_noinit_noargs:_c_int00_noinit_noargs)
                  000005e4    0000000c     tm4c123gh6pm_startup_ccs.obj (.text)
                  000005f0    00000004     rtsv7M4_T_le_v4SPD16_eabi.lib : pre_init.c.obj (.text:_system_pre_init)
                  000005f4    00000004                                   : exit.c.obj (.text:abort:abort)

.cinit     0    00000000    00000000     UNINITIALIZED

.init_array 
*          0    00000000    00000000     UNINITIALIZED

.stack     0    20000000    00000200     UNINITIALIZED
                  20000000    00000004     rtsv7M4_T_le_v4SPD16_eabi.lib : boot_cortex_m.c.obj (.stack)
                  20000004    000001fc     --HOLE--

__llvm_prf_cnts 
*          0    20000000    00000000     UNINITIALIZED

MODULE SUMMARY

       Module                         code   ro data   rw data
       ------                         ----   -------   -------
    ./
       tm4c123gh6pm_startup_ccs.obj   12     620       0      
       CAN.obj                        388    0         0      
       lib_c.obj                      316    0         0      
       main.obj                       140    0         0      
    +--+------------------------------+------+---------+---------+
       Total:                         856    620       0      
                                                              
    /home/romanswi/ti/ccs1281/ccs/tools/compiler/ti-cgt-arm_20.2.7.LTS/lib/rtsv7M4_T_le_v4SPD16_eabi.lib
       boot_cortex_m.c.obj            44     0         0      
       exit.c.obj                     4      0         0      
       pre_init.c.obj                 4      0         0      
    +--+------------------------------+------+---------+---------+
       Total:                         52     0         0      
                                                              
       Stack:                         0      0         512    
    +--+------------------------------+------+---------+---------+
       Grand Total:                   908    620       512    


GLOBAL SYMBOLS: SORTED ALPHABETICALLY BY Name 

address   name                   
-------   ----                   
000005f5  C$$EXIT                
00000381  CAN_SET_RATE           
00000377  CAN_check_message      
0000026d  CAN_init               
000002b5  CAN_join_network       
0000034b  CAN_read               
0000031b  CAN_read_init          
0000037f  CAN_request            
0000037d  CAN_response           
000002c3  CAN_transmit           
000005e5  ResetISR               
20000200  __STACK_END            
00000200  __STACK_SIZE           
20000200  __STACK_TOP            
ffffffff  __TI_pprof_out_hndl    
ffffffff  __TI_prof_data_size    
ffffffff  __TI_prof_data_start   
00000000  __TI_static_base__     
ffffffff  __binit__              
ffffffff  __c_args__             
UNDEFED   __mpu_init             
20000000  __stack                
20000000  __start___llvm_prf_cnts
20000000  __stop___llvm_prf_cnts 
000005b9  _c_int00_noinit_noargs 
000005f1  _system_pre_init       
000005f5  abort                  
ffffffff  binit                  
000004e9  echo                   
00000000  g_pfnVectors           
000003f1  init_uart              
0000052d  main                   
00000457  output_character       
000004ab  output_string          
00000443  read_character         
00000473  read_string            
0000054d  reciever               
0000053d  transmitter            
00000573  uart_handler           
000004d3  uart_interrupt_init    


GLOBAL SYMBOLS: SORTED BY Symbol Address 

address   name                   
-------   ----                   
00000000  __TI_static_base__     
00000000  g_pfnVectors           
00000200  __STACK_SIZE           
0000026d  CAN_init               
000002b5  CAN_join_network       
000002c3  CAN_transmit           
0000031b  CAN_read_init          
0000034b  CAN_read               
00000377  CAN_check_message      
0000037d  CAN_response           
0000037f  CAN_request            
00000381  CAN_SET_RATE           
000003f1  init_uart              
00000443  read_character         
00000457  output_character       
00000473  read_string            
000004ab  output_string          
000004d3  uart_interrupt_init    
000004e9  echo                   
0000052d  main                   
0000053d  transmitter            
0000054d  reciever               
00000573  uart_handler           
000005b9  _c_int00_noinit_noargs 
000005e5  ResetISR               
000005f1  _system_pre_init       
000005f5  C$$EXIT                
000005f5  abort                  
20000000  __stack                
20000000  __start___llvm_prf_cnts
20000000  __stop___llvm_prf_cnts 
20000200  __STACK_END            
20000200  __STACK_TOP            
ffffffff  __TI_pprof_out_hndl    
ffffffff  __TI_prof_data_size    
ffffffff  __TI_prof_data_start   
ffffffff  __binit__              
ffffffff  __c_args__             
ffffffff  binit                  
UNDEFED   __mpu_init             

[40 symbols]
