******************************************************************************
                  TI ARM Linker Unix v20.2.7                   
******************************************************************************
>> Linked Thu Jul 16 12:07:09 2026

OUTPUT FILE NAME:   <Library_in_C.out>
ENTRY POINT SYMBOL: "_c_int00_noinit_noargs"  address: 000005a1


MEMORY CONFIGURATION

         name            origin    length      used     unused   attr    fill
----------------------  --------  ---------  --------  --------  ----  --------
  FLASH                 00000000   00040000  000005e0  0003fa20  R  X
  SRAM                  20000000   00008000  00000200  00007e00  RW X


SEGMENT ALLOCATION MAP

run origin  load origin   length   init length attrs members
----------  ----------- ---------- ----------- ----- -------
00000000    00000000    000005e0   000005e0    r-x
  00000000    00000000    0000026c   0000026c    r-- .intvecs
  0000026c    0000026c    00000374   00000374    r-x .text
20000000    20000000    00000200   00000000    rw-
  20000000    20000000    00000200   00000000    rw- .stack


SECTION ALLOCATION MAP

 output                                  attributes/
section   page    origin      length       input sections
--------  ----  ----------  ----------   ----------------
.intvecs   0    00000000    0000026c     
                  00000000    0000026c     tm4c123gh6pm_startup_ccs.obj (.intvecs)

.text      0    0000026c    00000374     
                  0000026c    00000178     CAN.obj (.text)
                  000003e4    0000013c     lib_c.obj (.text)
                  00000520    00000080     main.obj (.text)
                  000005a0    0000002c     rtsv7M4_T_le_v4SPD16_eabi.lib : boot_cortex_m.c.obj (.text:_c_int00_noinit_noargs:_c_int00_noinit_noargs)
                  000005cc    0000000c     tm4c123gh6pm_startup_ccs.obj (.text)
                  000005d8    00000004     rtsv7M4_T_le_v4SPD16_eabi.lib : pre_init.c.obj (.text:_system_pre_init)
                  000005dc    00000004                                   : exit.c.obj (.text:abort:abort)

.cinit     0    00000000    00000000     UNINITIALIZED

.init_array 
*          0    00000000    00000000     UNINITIALIZED

.stack     0    20000000    00000200     UNINITIALIZED
                  20000000    00000004     rtsv7M4_T_le_v4SPD16_eabi.lib : boot_cortex_m.c.obj (.stack)
                  20000004    000001fc     --HOLE--

__llvm_prf_cnts 
*          0    20000000    00000000     UNINITIALIZED

MODULE SUMMARY

       Module                         code   ro data   rw data
       ------                         ----   -------   -------
    ./
       tm4c123gh6pm_startup_ccs.obj   12     620       0      
       CAN.obj                        376    0         0      
       lib_c.obj                      316    0         0      
       main.obj                       128    0         0      
    +--+------------------------------+------+---------+---------+
       Total:                         832    620       0      
                                                              
    /home/romanswi/ti/ccs1281/ccs/tools/compiler/ti-cgt-arm_20.2.7.LTS/lib/rtsv7M4_T_le_v4SPD16_eabi.lib
       boot_cortex_m.c.obj            44     0         0      
       exit.c.obj                     4      0         0      
       pre_init.c.obj                 4      0         0      
    +--+------------------------------+------+---------+---------+
       Total:                         52     0         0      
                                                              
       Stack:                         0      0         512    
    +--+------------------------------+------+---------+---------+
       Grand Total:                   884    620       512    


GLOBAL SYMBOLS: SORTED ALPHABETICALLY BY Name 

address   name                   
-------   ----                   
000005dd  C$$EXIT                
00000373  CAN_SET_RATE           
00000369  CAN_check_message      
0000026d  CAN_init               
00000349  CAN_read               
00000319  CAN_read_init          
00000371  CAN_request            
0000036f  CAN_response           
000002c1  CAN_transmit           
000005cd  ResetISR               
20000200  __STACK_END            
00000200  __STACK_SIZE           
20000200  __STACK_TOP            
ffffffff  __TI_pprof_out_hndl    
ffffffff  __TI_prof_data_size    
ffffffff  __TI_prof_data_start   
00000000  __TI_static_base__     
ffffffff  __binit__              
ffffffff  __c_args__             
UNDEFED   __mpu_init             
20000000  __stack                
20000000  __start___llvm_prf_cnts
20000000  __stop___llvm_prf_cnts 
000005a1  _c_int00_noinit_noargs 
000005d9  _system_pre_init       
000005dd  abort                  
ffffffff  binit                  
000004dd  echo                   
00000000  g_pfnVectors           
000003e5  init_uart              
00000521  main                   
0000044b  output_character       
0000049f  output_string          
00000437  read_character         
00000467  read_string            
0000053d  reciever               
00000531  transmitter            
0000055b  uart_handler           
000004c7  uart_interrupt_init    


GLOBAL SYMBOLS: SORTED BY Symbol Address 

address   name                   
-------   ----                   
00000000  __TI_static_base__     
00000000  g_pfnVectors           
00000200  __STACK_SIZE           
0000026d  CAN_init               
000002c1  CAN_transmit           
00000319  CAN_read_init          
00000349  CAN_read               
00000369  CAN_check_message      
0000036f  CAN_response           
00000371  CAN_request            
00000373  CAN_SET_RATE           
000003e5  init_uart              
00000437  read_character         
0000044b  output_character       
00000467  read_string            
0000049f  output_string          
000004c7  uart_interrupt_init    
000004dd  echo                   
00000521  main                   
00000531  transmitter            
0000053d  reciever               
0000055b  uart_handler           
000005a1  _c_int00_noinit_noargs 
000005cd  ResetISR               
000005d9  _system_pre_init       
000005dd  C$$EXIT                
000005dd  abort                  
20000000  __stack                
20000000  __start___llvm_prf_cnts
20000000  __stop___llvm_prf_cnts 
20000200  __STACK_END            
20000200  __STACK_TOP            
ffffffff  __TI_pprof_out_hndl    
ffffffff  __TI_prof_data_size    
ffffffff  __TI_prof_data_start   
ffffffff  __binit__              
ffffffff  __c_args__             
ffffffff  binit                  
UNDEFED   __mpu_init             

[39 symbols]
